#
# There is insufficient memory for the Java Runtime Environment to continue.
# Native memory allocation (malloc) failed to allocate 1048576 bytes. Error detail: AllocateHeap
# Possible reasons:
#   The system is out of physical RAM or swap space
#   This process is running with CompressedOops enabled, and the Java Heap may be blocking the growth of the native heap
# Possible solutions:
#   Reduce memory load on the system
#   Increase physical memory or swap space
#   Check if swap backing store is full
#   Decrease Java heap size (-Xmx/-Xms)
#   Decrease number of Java threads
#   Decrease Java thread stack sizes (-Xss)
#   Set larger code cache with -XX:ReservedCodeCacheSize=
#   JVM is running with Unscaled Compressed Oops mode in which the Java heap is
#     placed in the first 4GB address space. The Java Heap base address is the
#     maximum limit for the native heap growth. Please use -XX:HeapBaseMinAddress
#     to set the Java Heap base and to place the Java Heap above 4GB virtual address.
# This output file may be truncated or incomplete.
#
#  Out of Memory Error (allocation.cpp:44), pid=90572, tid=39640
#
# JRE version: OpenJDK Runtime Environment Temurin-21.0.8+9 (21.0.8+9) (build 21.0.8+9-LTS)
# Java VM: OpenJDK 64-Bit Server VM Temurin-21.0.8+9 (21.0.8+9-LTS, mixed mode, sharing, tiered, compressed oops, compressed class ptrs, parallel gc, windows-amd64)
# No core dump will be written. Minidumps are not enabled by default on client versions of Windows
#

---------------  S U M M A R Y ------------

Command Line: --add-modules=ALL-SYSTEM --add-opens=java.base/java.util=ALL-UNNAMED --add-opens=java.base/java.lang=ALL-UNNAMED --add-opens=java.base/sun.nio.fs=ALL-UNNAMED -Declipse.application=org.eclipse.jdt.ls.core.id1 -Dosgi.bundles.defaultStartLevel=4 -Declipse.product=org.eclipse.jdt.ls.core.product -Djava.import.generatesMetadataFilesAtProjectRoot=false -DDetectVMInstallationsJob.disabled=true -Dfile.encoding=utf8 -XX:+UseParallelGC -XX:GCTimeRatio=4 -XX:AdaptiveSizePolicyWeight=90 -Dsun.zip.disableMemoryMapping=true -Xmx2G -Xms100m -Xlog:disable -javaagent:c:\Users\asaph\.vscode\extensions\redhat.java-1.44.0-win32-x64\lombok\lombok-1.18.39-4050.jar -XX:+HeapDumpOnOutOfMemoryError -XX:HeapDumpPath=c:\Users\asaph\AppData\Roaming\Code\User\workspaceStorage\03f0354e34c13a055f96d69912527721\redhat.java -Daether.dependencyCollector.impl=bf c:\Users\asaph\.vscode\extensions\redhat.java-1.44.0-win32-x64\server\plugins\org.eclipse.equinox.launcher_1.7.0.v20250519-0528.jar -configuration c:\Users\asaph\AppData\Roaming\Code\User\globalStorage\redhat.java\1.44.0\config_win -data c:\Users\asaph\AppData\Roaming\Code\User\workspaceStorage\03f0354e34c13a055f96d69912527721\redhat.java\jdt_ws --pipe=\\.\pipe\lsp-84330e16dd98c4c814808f3908ad5913-sock

Host: 12th Gen Intel(R) Core(TM) i7-1255U, 12 cores, 5G,  Windows 11 , 64 bit Build 26100 (10.0.26100.4484)
Time: Thu Aug  7 21:47:22 2025 Hora oficial do Brasil elapsed time: 101.539269 seconds (0d 0h 1m 41s)

---------------  T H R E A D  ---------------

Current thread (0x000002533ae1cc00):  JavaThread "Attach Listener" daemon [_thread_in_vm, id=39640, stack(0x000000c4b4300000,0x000000c4b4400000) (1024K)]

Stack: [0x000000c4b4300000,0x000000c4b4400000]
Native frames: (J=compiled Java code, j=interpreted, Vv=VM code, C=native code)
V  [jvm.dll+0x6d2449]
V  [jvm.dll+0x8ae341]
V  [jvm.dll+0x8b08be]
V  [jvm.dll+0x8b0fa3]
V  [jvm.dll+0x280c96]
V  [jvm.dll+0xc0347]
V  [jvm.dll+0x6d2cf9]
V  [jvm.dll+0x131116]
V  [jvm.dll+0x3f2d16]
V  [jvm.dll+0x857e6b]
V  [jvm.dll+0x6d0b0d]
C  [ucrtbase.dll+0x37b0]
C  [KERNEL32.DLL+0x2e8d7]
C  [ntdll.dll+0x3c34c]


---------------  P R O C E S S  ---------------

Threads class SMR info:
_java_thread_list=0x000002539cb65dc0, length=67, elements={
0x000002533ad6e500, 0x000002533ae163a0, 0x000002533ad1bc00, 0x000002533ae1bd50,
0x000002533ae1cc00, 0x000002533ae21fd0, 0x000002533ae24750, 0x000002533ae2ba30,
0x000002533ae2c8d0, 0x0000025393bbf760, 0x0000025393e2bf20, 0x0000025399299ca0,
0x00000253992df0e0, 0x000002539926a5a0, 0x0000025399286880, 0x00000253997fe370,
0x0000025399837aa0, 0x0000025399c20e70, 0x0000025399c1f430, 0x0000025399c1e710,
0x0000025399c1eda0, 0x0000025399c1fac0, 0x0000025399c1d9f0, 0x0000025399c20150,
0x000002539a32a5e0, 0x000002539a328ba0, 0x000002539a327160, 0x000002539a32ac70,
0x000002539a3277f0, 0x000002539a329f50, 0x000002539a3298c0, 0x000002539a32b300,
0x000002539a329230, 0x000002539a327e80, 0x000002539a32b990, 0x000002539a328510,
0x000002539a32e0f0, 0x000002539a32c020, 0x000002539a32c6b0, 0x000002539a32da60,
0x000002539a32cd40, 0x000002539a32e780, 0x000002539a32d3d0, 0x0000025399c207e0,
0x000002539ca5c1a0, 0x000002539ca5a760, 0x000002539ca5a0d0, 0x000002539ca5cec0,
0x000002539ca59a40, 0x000002539ca5c830, 0x000002539ca5adf0, 0x000002539ca5b480,
0x000002539ca5bb10, 0x000002539c969d70, 0x000002539c96c4d0, 0x000002539c96be40,
0x000002539c96cb60, 0x000002539c96b120, 0x000002539c96aa90, 0x000002539c96d1f0,
0x000002539c96df10, 0x000002539c96e5a0, 0x000002539c96b7b0, 0x000002539c96f2c0,
0x000002539c971390, 0x000002539c96ffe0, 0x000002539c970670
}

Java Threads: ( => current thread )
  0x000002533ad6e500 JavaThread "main"                              [_thread_blocked, id=54528, stack(0x000000c4b3c00000,0x000000c4b3d00000) (1024K)]
  0x000002533ae163a0 JavaThread "Reference Handler"          daemon [_thread_blocked, id=72016, stack(0x000000c4b4000000,0x000000c4b4100000) (1024K)]
  0x000002533ad1bc00 JavaThread "Finalizer"                  daemon [_thread_blocked, id=1080, stack(0x000000c4b4100000,0x000000c4b4200000) (1024K)]
  0x000002533ae1bd50 JavaThread "Signal Dispatcher"          daemon [_thread_blocked, id=26516, stack(0x000000c4b4200000,0x000000c4b4300000) (1024K)]
=>0x000002533ae1cc00 JavaThread "Attach Listener"            daemon [_thread_in_vm, id=39640, stack(0x000000c4b4300000,0x000000c4b4400000) (1024K)]
  0x000002533ae21fd0 JavaThread "Service Thread"             daemon [_thread_blocked, id=97024, stack(0x000000c4b4400000,0x000000c4b4500000) (1024K)]
  0x000002533ae24750 JavaThread "Monitor Deflation Thread"   daemon [_thread_blocked, id=90904, stack(0x000000c4b4500000,0x000000c4b4600000) (1024K)]
  0x000002533ae2ba30 JavaThread "C2 CompilerThread0"         daemon [_thread_blocked, id=87476, stack(0x000000c4b4600000,0x000000c4b4700000) (1024K)]
  0x000002533ae2c8d0 JavaThread "C1 CompilerThread0"         daemon [_thread_blocked, id=51496, stack(0x000000c4b4700000,0x000000c4b4800000) (1024K)]
  0x0000025393bbf760 JavaThread "Common-Cleaner"             daemon [_thread_blocked, id=85236, stack(0x000000c4b4800000,0x000000c4b4900000) (1024K)]
  0x0000025393e2bf20 JavaThread "Notification Thread"        daemon [_thread_blocked, id=58052, stack(0x000000c4b4900000,0x000000c4b4a00000) (1024K)]
  0x0000025399299ca0 JavaThread "Active Thread: Equinox Container: bea9e721-f95c-4cdd-b754-da86ca9f749d"        [_thread_blocked, id=55256, stack(0x000000c4b5000000,0x000000c4b5100000) (1024K)]
  0x00000253992df0e0 JavaThread "Refresh Thread: Equinox Container: bea9e721-f95c-4cdd-b754-da86ca9f749d" daemon [_thread_blocked, id=101180, stack(0x000000c4b5200000,0x000000c4b5300000) (1024K)]
  0x000002539926a5a0 JavaThread "Framework Event Dispatcher: Equinox Container: bea9e721-f95c-4cdd-b754-da86ca9f749d" daemon [_thread_blocked, id=38140, stack(0x000000c4b5300000,0x000000c4b5400000) (1024K)]
  0x0000025399286880 JavaThread "Start Level: Equinox Container: bea9e721-f95c-4cdd-b754-da86ca9f749d" daemon [_thread_blocked, id=83668, stack(0x000000c4b5400000,0x000000c4b5500000) (1024K)]
  0x00000253997fe370 JavaThread "Bundle File Closer"         daemon [_thread_blocked, id=89152, stack(0x000000c4b5700000,0x000000c4b5800000) (1024K)]
  0x0000025399837aa0 JavaThread "SCR Component Actor"        daemon [_thread_blocked, id=92376, stack(0x000000c4b5800000,0x000000c4b5900000) (1024K)]
  0x0000025399c20e70 JavaThread "Worker-JM"                         [_thread_blocked, id=97472, stack(0x000000c4b5a00000,0x000000c4b5b00000) (1024K)]
  0x0000025399c1f430 JavaThread "JNA Cleaner"                daemon [_thread_blocked, id=2292, stack(0x000000c4b5b00000,0x000000c4b5c00000) (1024K)]
  0x0000025399c1e710 JavaThread "Worker-0"                          [_thread_blocked, id=97092, stack(0x000000c4b5c00000,0x000000c4b5d00000) (1024K)]
  0x0000025399c1eda0 JavaThread "Worker-1"                          [_thread_blocked, id=96688, stack(0x000000c4b5d00000,0x000000c4b5e00000) (1024K)]
  0x0000025399c1fac0 JavaThread "Java indexing"              daemon [_thread_blocked, id=55544, stack(0x000000c4b5e00000,0x000000c4b5f00000) (1024K)]
  0x0000025399c1d9f0 JavaThread "Worker-2"                          [_thread_blocked, id=96084, stack(0x000000c4b6100000,0x000000c4b6200000) (1024K)]
  0x0000025399c20150 JavaThread "Worker-3"                          [_thread_blocked, id=92620, stack(0x000000c4b6200000,0x000000c4b6300000) (1024K)]
  0x000002539a32a5e0 JavaThread "Worker-4"                          [_thread_blocked, id=91436, stack(0x000000c4b6300000,0x000000c4b6400000) (1024K)]
  0x000002539a328ba0 JavaThread "Worker-5"                          [_thread_blocked, id=88188, stack(0x000000c4b6400000,0x000000c4b6500000) (1024K)]
  0x000002539a327160 JavaThread "Thread-2"                   daemon [_thread_in_native, id=76620, stack(0x000000c4b6500000,0x000000c4b6600000) (1024K)]
  0x000002539a32ac70 JavaThread "Thread-3"                   daemon [_thread_in_native, id=99744, stack(0x000000c4b6600000,0x000000c4b6700000) (1024K)]
  0x000002539a3277f0 JavaThread "Thread-4"                   daemon [_thread_in_native, id=102308, stack(0x000000c4b6700000,0x000000c4b6800000) (1024K)]
  0x000002539a329f50 JavaThread "Thread-5"                   daemon [_thread_in_native, id=41252, stack(0x000000c4b6800000,0x000000c4b6900000) (1024K)]
  0x000002539a3298c0 JavaThread "Thread-6"                   daemon [_thread_in_native, id=98852, stack(0x000000c4b6900000,0x000000c4b6a00000) (1024K)]
  0x000002539a32b300 JavaThread "Thread-7"                   daemon [_thread_in_native, id=96088, stack(0x000000c4b6a00000,0x000000c4b6b00000) (1024K)]
  0x000002539a329230 JavaThread "Thread-8"                   daemon [_thread_in_native, id=95828, stack(0x000000c4b6b00000,0x000000c4b6c00000) (1024K)]
  0x000002539a327e80 JavaThread "Thread-9"                   daemon [_thread_in_native, id=91572, stack(0x000000c4b6c00000,0x000000c4b6d00000) (1024K)]
  0x000002539a32b990 JavaThread "Thread-10"                  daemon [_thread_in_native, id=101068, stack(0x000000c4b6d00000,0x000000c4b6e00000) (1024K)]
  0x000002539a328510 JavaThread "Thread-11"                  daemon [_thread_in_native, id=98764, stack(0x000000c4b6e00000,0x000000c4b6f00000) (1024K)]
  0x000002539a32e0f0 JavaThread "Thread-12"                  daemon [_thread_in_native, id=57260, stack(0x000000c4b6f00000,0x000000c4b7000000) (1024K)]
  0x000002539a32c020 JavaThread "Thread-13"                  daemon [_thread_in_native, id=99548, stack(0x000000c4b7000000,0x000000c4b7100000) (1024K)]
  0x000002539a32c6b0 JavaThread "Thread-14"                  daemon [_thread_in_native, id=99904, stack(0x000000c4b7100000,0x000000c4b7200000) (1024K)]
  0x000002539a32da60 JavaThread "pool-2-thread-1"                   [_thread_blocked, id=83208, stack(0x000000c4b7200000,0x000000c4b7300000) (1024K)]
  0x000002539a32cd40 JavaThread "WorkspaceEventsHandler"            [_thread_blocked, id=102124, stack(0x000000c4b7300000,0x000000c4b7400000) (1024K)]
  0x000002539a32e780 JavaThread "pool-1-thread-1"                   [_thread_blocked, id=95916, stack(0x000000c4b7400000,0x000000c4b7500000) (1024K)]
  0x000002539a32d3d0 JavaThread "ForkJoinPool.commonPool-worker-1" daemon [_thread_blocked, id=90988, stack(0x000000c4b5900000,0x000000c4b5a00000) (1024K)]
  0x0000025399c207e0 JavaThread "ForkJoinPool.commonPool-worker-2" daemon [_thread_blocked, id=38304, stack(0x000000c4b7500000,0x000000c4b7600000) (1024K)]
  0x000002539ca5c1a0 JavaThread "ForkJoinPool.commonPool-worker-3" daemon [_thread_blocked, id=90912, stack(0x000000c4b7600000,0x000000c4b7700000) (1024K)]
  0x000002539ca5a760 JavaThread "ForkJoinPool.commonPool-worker-4" daemon [_thread_blocked, id=95524, stack(0x000000c4b7700000,0x000000c4b7800000) (1024K)]
  0x000002539ca5a0d0 JavaThread "ForkJoinPool.commonPool-worker-5" daemon [_thread_blocked, id=91736, stack(0x000000c4b7800000,0x000000c4b7900000) (1024K)]
  0x000002539ca5cec0 JavaThread "ForkJoinPool.commonPool-worker-6" daemon [_thread_blocked, id=7360, stack(0x000000c4b7900000,0x000000c4b7a00000) (1024K)]
  0x000002539ca59a40 JavaThread "ForkJoinPool.commonPool-worker-7" daemon [_thread_blocked, id=94848, stack(0x000000c4b7a00000,0x000000c4b7b00000) (1024K)]
  0x000002539ca5c830 JavaThread "ForkJoinPool.commonPool-worker-8" daemon [_thread_blocked, id=91416, stack(0x000000c4b7b00000,0x000000c4b7c00000) (1024K)]
  0x000002539ca5adf0 JavaThread "ForkJoinPool.commonPool-worker-9" daemon [_thread_blocked, id=98364, stack(0x000000c4b7c00000,0x000000c4b7d00000) (1024K)]
  0x000002539ca5b480 JavaThread "ForkJoinPool.commonPool-worker-10" daemon [_thread_blocked, id=88020, stack(0x000000c4b7d00000,0x000000c4b7e00000) (1024K)]
  0x000002539ca5bb10 JavaThread "ForkJoinPool.commonPool-worker-11" daemon [_thread_blocked, id=101972, stack(0x000000c4b7e00000,0x000000c4b7f00000) (1024K)]
  0x000002539c969d70 JavaThread "Compiler Source File Reader" daemon [_thread_blocked, id=102284, stack(0x000000c4b7f00000,0x000000c4b8000000) (1024K)]
  0x000002539c96c4d0 JavaThread "Compiler Processing Task"   daemon [_thread_blocked, id=92000, stack(0x000000c4b8000000,0x000000c4b8100000) (1024K)]
  0x000002539c96be40 JavaThread "Compiler Class File Writer" daemon [_thread_blocked, id=49908, stack(0x000000c4b8100000,0x000000c4b8200000) (1024K)]
  0x000002539c96cb60 JavaThread "Compiler Source File Reader" daemon [_thread_blocked, id=7900, stack(0x000000c4b8200000,0x000000c4b8300000) (1024K)]
  0x000002539c96b120 JavaThread "Compiler Source File Reader" daemon [_thread_blocked, id=57220, stack(0x000000c4b8300000,0x000000c4b8400000) (1024K)]
  0x000002539c96aa90 JavaThread "pool-1-thread-2"                   [_thread_blocked, id=81168, stack(0x000000c4b8400000,0x000000c4b8500000) (1024K)]
  0x000002539c96d1f0 JavaThread "Compiler Source File Reader" daemon [_thread_blocked, id=56568, stack(0x000000c4b8500000,0x000000c4b8600000) (1024K)]
  0x000002539c96df10 JavaThread "Cleaner-0"                  daemon [_thread_blocked, id=96196, stack(0x000000c4b8600000,0x000000c4b8700000) (1024K)]
  0x000002539c96e5a0 JavaThread "Compiler Source File Reader" daemon [_thread_blocked, id=22628, stack(0x000000c4b8700000,0x000000c4b8800000) (1024K)]
  0x000002539c96b7b0 JavaThread "Compiler Source File Reader" daemon [_thread_blocked, id=101752, stack(0x000000c4b8800000,0x000000c4b8900000) (1024K)]
  0x000002539c96f2c0 JavaThread "Compiler Source File Reader" daemon [_thread_blocked, id=92988, stack(0x000000c4b8900000,0x000000c4b8a00000) (1024K)]
  0x000002539c971390 JavaThread "Compiler Source File Reader" daemon [_thread_blocked, id=98564, stack(0x000000c4b8a00000,0x000000c4b8b00000) (1024K)]
  0x000002539c96ffe0 JavaThread "Compiler Source File Reader" daemon [_thread_blocked, id=101928, stack(0x000000c4b8b00000,0x000000c4b8c00000) (1024K)]
  0x000002539c970670 JavaThread "Compiler Source File Reader" daemon [_thread_blocked, id=77344, stack(0x000000c4b8c00000,0x000000c4b8d00000) (1024K)]
Total: 67

Other Threads:
  0x000002533ad049f0 VMThread "VM Thread"                           [id=57856, stack(0x000000c4b3f00000,0x000000c4b4000000) (1024K)]
  0x000002533abfca00 WatcherThread "VM Periodic Task Thread"        [id=97228, stack(0x000000c4b3e00000,0x000000c4b3f00000) (1024K)]
  0x000002533ad8cde0 WorkerThread "GC Thread#0"                     [id=94724, stack(0x000000c4b3d00000,0x000000c4b3e00000) (1024K)]
  0x0000025399133190 WorkerThread "GC Thread#1"                     [id=58032, stack(0x000000c4b4a00000,0x000000c4b4b00000) (1024K)]
  0x0000025399142b60 WorkerThread "GC Thread#2"                     [id=49952, stack(0x000000c4b4b00000,0x000000c4b4c00000) (1024K)]
  0x0000025399142f00 WorkerThread "GC Thread#3"                     [id=49184, stack(0x000000c4b4c00000,0x000000c4b4d00000) (1024K)]
  0x00000253991432a0 WorkerThread "GC Thread#4"                     [id=9600, stack(0x000000c4b4d00000,0x000000c4b4e00000) (1024K)]
  0x0000025399189cb0 WorkerThread "GC Thread#5"                     [id=60356, stack(0x000000c4b4e00000,0x000000c4b4f00000) (1024K)]
  0x000002539918a050 WorkerThread "GC Thread#6"                     [id=94912, stack(0x000000c4b4f00000,0x000000c4b5000000) (1024K)]
  0x00000253992dde30 WorkerThread "GC Thread#7"                     [id=99836, stack(0x000000c4b5100000,0x000000c4b5200000) (1024K)]
  0x00000253992ac300 WorkerThread "GC Thread#8"                     [id=55148, stack(0x000000c4b5500000,0x000000c4b5600000) (1024K)]
  0x00000253992ab0e0 WorkerThread "GC Thread#9"                     [id=39572, stack(0x000000c4b5600000,0x000000c4b5700000) (1024K)]
Total: 12

Threads with active compile tasks:
Total: 0

VM state: not at safepoint (normal execution)

VM Mutex/Monitor currently owned by a thread: None

Heap address: 0x0000000080000000, size: 2048 MB, Compressed Oops mode: 32-bit

CDS archive(s) mapped at: [0x0000025352000000-0x0000025352ba0000-0x0000025352ba0000), size 12189696, SharedBaseAddress: 0x0000025352000000, ArchiveRelocationMode: 1.
Compressed class space mapped at: 0x0000025353000000-0x0000025393000000, reserved size: 1073741824
Narrow klass base: 0x0000025352000000, Narrow klass shift: 0, Narrow klass range: 0x100000000

GC Precious Log:
 CardTable entry size: 512
 CPUs: 12 total, 12 available
 Memory: 5702M
 Large Page Support: Disabled
 NUMA Support: Disabled
 Compressed Oops: Enabled (32-bit)
 Alignments: Space 512K, Generation 512K, Heap 2M
 Heap Min Capacity: 100M
 Heap Initial Capacity: 100M
 Heap Max Capacity: 2G
 Pre-touch: Disabled
 Parallel Workers: 10

Heap:
 PSYoungGen      total 3072K, used 946K [0x00000000d5580000, 0x00000000d5900000, 0x0000000100000000)
  eden space 2560K, 30% used [0x00000000d5580000,0x00000000d5644980,0x00000000d5800000)
  from space 512K, 31% used [0x00000000d5800000,0x00000000d5828000,0x00000000d5880000)
  to   space 512K, 0% used [0x00000000d5880000,0x00000000d5880000,0x00000000d5900000)
 ParOldGen       total 409088K, used 365460K [0x0000000080000000, 0x0000000098f80000, 0x00000000d5580000)
  object space 409088K, 89% used [0x0000000080000000,0x00000000964e52b8,0x0000000098f80000)
 Metaspace       used 71506K, committed 73024K, reserved 1114112K
  class space    used 7558K, committed 8192K, reserved 1048576K

Card table byte_map: [0x000002533a710000,0x000002533ab20000] _byte_map_base: 0x000002533a310000

Marking Bits: (ParMarkBitMap*) 0x00007fff7a4da340
 Begin Bits: [0x000002534d210000, 0x000002534f210000)
 End Bits:   [0x000002534f210000, 0x0000025351210000)

Polling page: 0x0000025338b40000

Metaspace:

Usage:
  Non-class:     62.45 MB used.
      Class:      7.38 MB used.
       Both:     69.83 MB used.

Virtual space:
  Non-class space:       64.00 MB reserved,      63.31 MB ( 99%) committed,  1 nodes.
      Class space:        1.00 GB reserved,       8.00 MB ( <1%) committed,  1 nodes.
             Both:        1.06 GB reserved,      71.31 MB (  7%) committed. 

Chunk freelists:
   Non-Class:  368.00 KB
       Class:  7.90 MB
        Both:  8.26 MB

MaxMetaspaceSize: unlimited
CompressedClassSpaceSize: 1.00 GB
Initial GC threshold: 21.00 MB
Current GC threshold: 97.81 MB
CDS: on
 - commit_granule_bytes: 65536.
 - commit_granule_words: 8192.
 - virtual_space_node_default_size: 8388608.
 - enlarge_chunks_in_place: 1.
 - use_allocation_guard: 0.


Internal statistics:

num_allocs_failed_limit: 13.
num_arena_births: 1296.
num_arena_deaths: 32.
num_vsnodes_births: 2.
num_vsnodes_deaths: 0.
num_space_committed: 1141.
num_space_uncommitted: 0.
num_chunks_returned_to_freelist: 49.
num_chunks_taken_from_freelist: 4661.
num_chunk_merges: 19.
num_chunk_splits: 2879.
num_chunks_enlarged: 1690.
num_inconsistent_stats: 0.

CodeHeap 'non-profiled nmethods': size=120000Kb used=9379Kb max_used=9379Kb free=110620Kb
 bounds [0x0000025345a30000, 0x0000025346360000, 0x000002534cf60000]
CodeHeap 'profiled nmethods': size=120000Kb used=31176Kb max_used=31176Kb free=88823Kb
 bounds [0x000002533df60000, 0x000002533fde0000, 0x0000025345490000]
CodeHeap 'non-nmethods': size=5760Kb used=1476Kb max_used=1529Kb free=4283Kb
 bounds [0x0000025345490000, 0x0000025345700000, 0x0000025345a30000]
CodeCache: size=245760Kb, used=42031Kb, max_used=42084Kb, free=203726Kb
 total_blobs=13717, nmethods=12924, adapters=695, full_count=0
Compilation: enabled, stopped_count=0, restarted_count=0

Compilation events (20 events):
Event: 95.043 Thread 0x000002533ae2ba30 13583       4       org.eclipse.jdt.internal.compiler.classfmt.FieldInfo::getModifiers (26 bytes)
Event: 95.045 Thread 0x000002533ae2ba30 nmethod 13583 0x0000025346357c90 code [0x0000025346357e20, 0x0000025346357f70]
Event: 95.045 Thread 0x000002533ae2ba30 13585       4       org.eclipse.jdt.internal.compiler.lookup.BinaryTypeBinding::resolveType (207 bytes)
Event: 95.051 Thread 0x000002533ae2ba30 nmethod 13585 0x0000025346358090 code [0x00000253463582e0, 0x00000253463589a8]
Event: 95.161 Thread 0x000002533ae2c8d0 13589       3       java.lang.Double::compare (54 bytes)
Event: 95.162 Thread 0x000002533ae2c8d0 nmethod 13589 0x000002533fdc7490 code [0x000002533fdc7680, 0x000002533fdc7c78]
Event: 95.169 Thread 0x000002533ae2c8d0 13590   !   3       org.eclipse.jdt.internal.compiler.parser.Parser::parse (497 bytes)
Event: 95.173 Thread 0x000002533ae2c8d0 nmethod 13590 0x000002533fdc7e10 code [0x000002533fdc8220, 0x000002533fdca500]
Event: 95.173 Thread 0x000002533ae2c8d0 13592       3       lombok.launch.PatchFixesHider$ValPortal::copyInitializationOfLocalDeclaration (16 bytes)
Event: 95.184 Thread 0x000002533ae2c8d0 nmethod 13592 0x000002533fdcb010 code [0x000002533fdcb5c0, 0x000002533fdcde38]
Event: 95.184 Thread 0x000002533ae2c8d0 13595       3       org.eclipse.jdt.internal.compiler.lookup.ReferenceBinding::readableName (6 bytes)
Event: 95.184 Thread 0x000002533ae2c8d0 nmethod 13595 0x000002533fdcf690 code [0x000002533fdcf840, 0x000002533fdcfa18]
Event: 95.184 Thread 0x000002533ae2c8d0 13596       3       org.eclipse.jdt.internal.compiler.ast.TypeDeclaration::updateSupertypesWithAnnotations (285 bytes)
Event: 95.186 Thread 0x000002533ae2c8d0 nmethod 13596 0x000002533fdcfb10 code [0x000002533fdcfde0, 0x000002533fdd1008]
Event: 95.186 Thread 0x000002533ae2c8d0 13591       3       org.eclipse.jdt.internal.compiler.parser.Parser::consumeExitVariableWithInitialization (74 bytes)
Event: 95.186 Thread 0x000002533ae2c8d0 nmethod 13591 0x000002533fdd1690 code [0x000002533fdd1860, 0x000002533fdd1c00]
Event: 95.187 Thread 0x000002533ae2c8d0 13593       3       lombok.eclipse.agent.PatchValEclipse$Reflection::access$0 (4 bytes)
Event: 95.188 Thread 0x000002533ae2c8d0 nmethod 13593 0x000002533fdd1d90 code [0x000002533fdd1f20, 0x000002533fdd2018]
Event: 95.188 Thread 0x000002533ae2c8d0 13594       3       lombok.eclipse.agent.PatchValEclipse$Reflection::access$1 (4 bytes)
Event: 95.188 Thread 0x000002533ae2c8d0 nmethod 13594 0x000002533fdd2090 code [0x000002533fdd2220, 0x000002533fdd2318]

GC Heap History (20 events):
Event: 94.765 GC heap before
{Heap before GC invocations=671 (full 3):
 PSYoungGen      total 3584K, used 3360K [0x00000000d5580000, 0x00000000d5a00000, 0x0000000100000000)
  eden space 3072K, 100% used [0x00000000d5580000,0x00000000d5880000,0x00000000d5880000)
  from space 512K, 56% used [0x00000000d5900000,0x00000000d5948000,0x00000000d5980000)
  to   space 512K, 0% used [0x00000000d5980000,0x00000000d5980000,0x00000000d5a00000)
 ParOldGen       total 409088K, used 354838K [0x0000000080000000, 0x0000000098f80000, 0x00000000d5580000)
  object space 409088K, 86% used [0x0000000080000000,0x0000000095a859b8,0x0000000098f80000)
 Metaspace       used 71490K, committed 72960K, reserved 1114112K
  class space    used 7558K, committed 8192K, reserved 1048576K
}
Event: 94.772 GC heap after
{Heap after GC invocations=671 (full 3):
 PSYoungGen      total 2560K, used 486K [0x00000000d5580000, 0x00000000d5c80000, 0x0000000100000000)
  eden space 2048K, 0% used [0x00000000d5580000,0x00000000d5580000,0x00000000d5780000)
  from space 512K, 95% used [0x00000000d5980000,0x00000000d59f9a88,0x00000000d5a00000)
  to   space 2048K, 0% used [0x00000000d5780000,0x00000000d5780000,0x00000000d5980000)
 ParOldGen       total 409088K, used 356037K [0x0000000080000000, 0x0000000098f80000, 0x00000000d5580000)
  object space 409088K, 87% used [0x0000000080000000,0x0000000095bb1440,0x0000000098f80000)
 Metaspace       used 71490K, committed 72960K, reserved 1114112K
  class space    used 7558K, committed 8192K, reserved 1048576K
}
Event: 94.814 GC heap before
{Heap before GC invocations=672 (full 3):
 PSYoungGen      total 2560K, used 2534K [0x00000000d5580000, 0x00000000d5c80000, 0x0000000100000000)
  eden space 2048K, 100% used [0x00000000d5580000,0x00000000d5780000,0x00000000d5780000)
  from space 512K, 95% used [0x00000000d5980000,0x00000000d59f9a88,0x00000000d5a00000)
  to   space 2048K, 0% used [0x00000000d5780000,0x00000000d5780000,0x00000000d5980000)
 ParOldGen       total 409088K, used 356037K [0x0000000080000000, 0x0000000098f80000, 0x00000000d5580000)
  object space 409088K, 87% used [0x0000000080000000,0x0000000095bb1440,0x0000000098f80000)
 Metaspace       used 71490K, committed 72960K, reserved 1114112K
  class space    used 7558K, committed 8192K, reserved 1048576K
}
Event: 94.819 GC heap after
{Heap after GC invocations=672 (full 3):
 PSYoungGen      total 4096K, used 2048K [0x00000000d5580000, 0x00000000d5d80000, 0x0000000100000000)
  eden space 2048K, 0% used [0x00000000d5580000,0x00000000d5580000,0x00000000d5780000)
  from space 2048K, 100% used [0x00000000d5780000,0x00000000d5980000,0x00000000d5980000)
  to   space 3072K, 0% used [0x00000000d5a80000,0x00000000d5a80000,0x00000000d5d80000)
 ParOldGen       total 409088K, used 356555K [0x0000000080000000, 0x0000000098f80000, 0x00000000d5580000)
  object space 409088K, 87% used [0x0000000080000000,0x0000000095c32ee8,0x0000000098f80000)
 Metaspace       used 71490K, committed 72960K, reserved 1114112K
  class space    used 7558K, committed 8192K, reserved 1048576K
}
Event: 94.850 GC heap before
{Heap before GC invocations=673 (full 3):
 PSYoungGen      total 4096K, used 3998K [0x00000000d5580000, 0x00000000d5d80000, 0x0000000100000000)
  eden space 2048K, 95% used [0x00000000d5580000,0x00000000d5767928,0x00000000d5780000)
  from space 2048K, 100% used [0x00000000d5780000,0x00000000d5980000,0x00000000d5980000)
  to   space 3072K, 0% used [0x00000000d5a80000,0x00000000d5a80000,0x00000000d5d80000)
 ParOldGen       total 409088K, used 356555K [0x0000000080000000, 0x0000000098f80000, 0x00000000d5580000)
  object space 409088K, 87% used [0x0000000080000000,0x0000000095c32ee8,0x0000000098f80000)
 Metaspace       used 71490K, committed 72960K, reserved 1114112K
  class space    used 7558K, committed 8192K, reserved 1048576K
}
Event: 94.865 GC heap after
{Heap after GC invocations=673 (full 3):
 PSYoungGen      total 4096K, used 1896K [0x00000000d5580000, 0x00000000d5c80000, 0x0000000100000000)
  eden space 2048K, 0% used [0x00000000d5580000,0x00000000d5580000,0x00000000d5780000)
  from space 2048K, 92% used [0x00000000d5a80000,0x00000000d5c5a000,0x00000000d5c80000)
  to   space 2560K, 0% used [0x00000000d5780000,0x00000000d5780000,0x00000000d5a00000)
 ParOldGen       total 409088K, used 358611K [0x0000000080000000, 0x0000000098f80000, 0x00000000d5580000)
  object space 409088K, 87% used [0x0000000080000000,0x0000000095e34ee8,0x0000000098f80000)
 Metaspace       used 71490K, committed 72960K, reserved 1114112K
  class space    used 7558K, committed 8192K, reserved 1048576K
}
Event: 94.891 GC heap before
{Heap before GC invocations=674 (full 3):
 PSYoungGen      total 4096K, used 3944K [0x00000000d5580000, 0x00000000d5c80000, 0x0000000100000000)
  eden space 2048K, 100% used [0x00000000d5580000,0x00000000d5780000,0x00000000d5780000)
  from space 2048K, 92% used [0x00000000d5a80000,0x00000000d5c5a000,0x00000000d5c80000)
  to   space 2560K, 0% used [0x00000000d5780000,0x00000000d5780000,0x00000000d5a00000)
 ParOldGen       total 409088K, used 358611K [0x0000000080000000, 0x0000000098f80000, 0x00000000d5580000)
  object space 409088K, 87% used [0x0000000080000000,0x0000000095e34ee8,0x0000000098f80000)
 Metaspace       used 71490K, committed 72960K, reserved 1114112K
  class space    used 7558K, committed 8192K, reserved 1048576K
}
Event: 94.903 GC heap after
{Heap after GC invocations=674 (full 3):
 PSYoungGen      total 4096K, used 1880K [0x00000000d5580000, 0x00000000d5b80000, 0x0000000100000000)
  eden space 2048K, 0% used [0x00000000d5580000,0x00000000d5580000,0x00000000d5780000)
  from space 2048K, 91% used [0x00000000d5780000,0x00000000d59563d0,0x00000000d5980000)
  to   space 2048K, 0% used [0x00000000d5980000,0x00000000d5980000,0x00000000d5b80000)
 ParOldGen       total 409088K, used 360235K [0x0000000080000000, 0x0000000098f80000, 0x00000000d5580000)
  object space 409088K, 88% used [0x0000000080000000,0x0000000095fcaee8,0x0000000098f80000)
 Metaspace       used 71490K, committed 72960K, reserved 1114112K
  class space    used 7558K, committed 8192K, reserved 1048576K
}
Event: 94.923 GC heap before
{Heap before GC invocations=675 (full 3):
 PSYoungGen      total 4096K, used 3928K [0x00000000d5580000, 0x00000000d5b80000, 0x0000000100000000)
  eden space 2048K, 100% used [0x00000000d5580000,0x00000000d5780000,0x00000000d5780000)
  from space 2048K, 91% used [0x00000000d5780000,0x00000000d59563d0,0x00000000d5980000)
  to   space 2048K, 0% used [0x00000000d5980000,0x00000000d5980000,0x00000000d5b80000)
 ParOldGen       total 409088K, used 360235K [0x0000000080000000, 0x0000000098f80000, 0x00000000d5580000)
  object space 409088K, 88% used [0x0000000080000000,0x0000000095fcaee8,0x0000000098f80000)
 Metaspace       used 71490K, committed 72960K, reserved 1114112K
  class space    used 7558K, committed 8192K, reserved 1048576K
}
Event: 94.933 GC heap after
{Heap after GC invocations=675 (full 3):
 PSYoungGen      total 2560K, used 2048K [0x00000000d5580000, 0x00000000d6100000, 0x0000000100000000)
  eden space 512K, 0% used [0x00000000d5580000,0x00000000d5580000,0x00000000d5600000)
  from space 2048K, 100% used [0x00000000d5980000,0x00000000d5b80000,0x00000000d5b80000)
  to   space 3584K, 0% used [0x00000000d5600000,0x00000000d5600000,0x00000000d5980000)
 ParOldGen       total 409088K, used 362020K [0x0000000080000000, 0x0000000098f80000, 0x00000000d5580000)
  object space 409088K, 88% used [0x0000000080000000,0x00000000961892b8,0x0000000098f80000)
 Metaspace       used 71490K, committed 72960K, reserved 1114112K
  class space    used 7558K, committed 8192K, reserved 1048576K
}
Event: 94.940 GC heap before
{Heap before GC invocations=676 (full 3):
 PSYoungGen      total 2560K, used 2560K [0x00000000d5580000, 0x00000000d6100000, 0x0000000100000000)
  eden space 512K, 100% used [0x00000000d5580000,0x00000000d5600000,0x00000000d5600000)
  from space 2048K, 100% used [0x00000000d5980000,0x00000000d5b80000,0x00000000d5b80000)
  to   space 3584K, 0% used [0x00000000d5600000,0x00000000d5600000,0x00000000d5980000)
 ParOldGen       total 409088K, used 362020K [0x0000000080000000, 0x0000000098f80000, 0x00000000d5580000)
  object space 409088K, 88% used [0x0000000080000000,0x00000000961892b8,0x0000000098f80000)
 Metaspace       used 71490K, committed 72960K, reserved 1114112K
  class space    used 7558K, committed 8192K, reserved 1048576K
}
Event: 94.949 GC heap after
{Heap after GC invocations=676 (full 3):
 PSYoungGen      total 1536K, used 597K [0x00000000d5580000, 0x00000000d5a80000, 0x0000000100000000)
  eden space 512K, 0% used [0x00000000d5580000,0x00000000d5580000,0x00000000d5600000)
  from space 1024K, 58% used [0x00000000d5600000,0x00000000d5695400,0x00000000d5700000)
  to   space 2048K, 0% used [0x00000000d5880000,0x00000000d5880000,0x00000000d5a80000)
 ParOldGen       total 409088K, used 364076K [0x0000000080000000, 0x0000000098f80000, 0x00000000d5580000)
  object space 409088K, 88% used [0x0000000080000000,0x000000009638b2b8,0x0000000098f80000)
 Metaspace       used 71490K, committed 72960K, reserved 1114112K
  class space    used 7558K, committed 8192K, reserved 1048576K
}
Event: 94.951 GC heap before
{Heap before GC invocations=677 (full 3):
 PSYoungGen      total 1536K, used 1109K [0x00000000d5580000, 0x00000000d5a80000, 0x0000000100000000)
  eden space 512K, 100% used [0x00000000d5580000,0x00000000d5600000,0x00000000d5600000)
  from space 1024K, 58% used [0x00000000d5600000,0x00000000d5695400,0x00000000d5700000)
  to   space 2048K, 0% used [0x00000000d5880000,0x00000000d5880000,0x00000000d5a80000)
 ParOldGen       total 409088K, used 364076K [0x0000000080000000, 0x0000000098f80000, 0x00000000d5580000)
  object space 409088K, 88% used [0x0000000080000000,0x000000009638b2b8,0x0000000098f80000)
 Metaspace       used 71490K, committed 72960K, reserved 1114112K
  class space    used 7558K, committed 8192K, reserved 1048576K
}
Event: 94.954 GC heap after
{Heap after GC invocations=677 (full 3):
 PSYoungGen      total 2048K, used 584K [0x00000000d5580000, 0x00000000d5980000, 0x0000000100000000)
  eden space 1024K, 0% used [0x00000000d5580000,0x00000000d5580000,0x00000000d5680000)
  from space 1024K, 57% used [0x00000000d5880000,0x00000000d5912000,0x00000000d5980000)
  to   space 1024K, 0% used [0x00000000d5780000,0x00000000d5780000,0x00000000d5880000)
 ParOldGen       total 409088K, used 364516K [0x0000000080000000, 0x0000000098f80000, 0x00000000d5580000)
  object space 409088K, 89% used [0x0000000080000000,0x00000000963f92b8,0x0000000098f80000)
 Metaspace       used 71490K, committed 72960K, reserved 1114112K
  class space    used 7558K, committed 8192K, reserved 1048576K
}
Event: 94.984 GC heap before
{Heap before GC invocations=678 (full 3):
 PSYoungGen      total 2048K, used 1608K [0x00000000d5580000, 0x00000000d5980000, 0x0000000100000000)
  eden space 1024K, 100% used [0x00000000d5580000,0x00000000d5680000,0x00000000d5680000)
  from space 1024K, 57% used [0x00000000d5880000,0x00000000d5912000,0x00000000d5980000)
  to   space 1024K, 0% used [0x00000000d5780000,0x00000000d5780000,0x00000000d5880000)
 ParOldGen       total 409088K, used 364516K [0x0000000080000000, 0x0000000098f80000, 0x00000000d5580000)
  object space 409088K, 89% used [0x0000000080000000,0x00000000963f92b8,0x0000000098f80000)
 Metaspace       used 71498K, committed 72960K, reserved 1114112K
  class space    used 7558K, committed 8192K, reserved 1048576K
}
Event: 94.987 GC heap after
{Heap after GC invocations=678 (full 3):
 PSYoungGen      total 2560K, used 864K [0x00000000d5580000, 0x00000000d5900000, 0x0000000100000000)
  eden space 1536K, 0% used [0x00000000d5580000,0x00000000d5580000,0x00000000d5700000)
  from space 1024K, 84% used [0x00000000d5780000,0x00000000d5858010,0x00000000d5880000)
  to   space 512K, 0% used [0x00000000d5880000,0x00000000d5880000,0x00000000d5900000)
 ParOldGen       total 409088K, used 364820K [0x0000000080000000, 0x0000000098f80000, 0x00000000d5580000)
  object space 409088K, 89% used [0x0000000080000000,0x00000000964452b8,0x0000000098f80000)
 Metaspace       used 71498K, committed 72960K, reserved 1114112K
  class space    used 7558K, committed 8192K, reserved 1048576K
}
Event: 94.994 GC heap before
{Heap before GC invocations=679 (full 3):
 PSYoungGen      total 2560K, used 2394K [0x00000000d5580000, 0x00000000d5900000, 0x0000000100000000)
  eden space 1536K, 99% used [0x00000000d5580000,0x00000000d56fea78,0x00000000d5700000)
  from space 1024K, 84% used [0x00000000d5780000,0x00000000d5858010,0x00000000d5880000)
  to   space 512K, 0% used [0x00000000d5880000,0x00000000d5880000,0x00000000d5900000)
 ParOldGen       total 409088K, used 364820K [0x0000000080000000, 0x0000000098f80000, 0x00000000d5580000)
  object space 409088K, 89% used [0x0000000080000000,0x00000000964452b8,0x0000000098f80000)
 Metaspace       used 71498K, committed 72960K, reserved 1114112K
  class space    used 7558K, committed 8192K, reserved 1048576K
}
Event: 95.000 GC heap after
{Heap after GC invocations=679 (full 3):
 PSYoungGen      total 2560K, used 192K [0x00000000d5580000, 0x00000000d5900000, 0x0000000100000000)
  eden space 2048K, 0% used [0x00000000d5580000,0x00000000d5580000,0x00000000d5780000)
  from space 512K, 37% used [0x00000000d5880000,0x00000000d58b0000,0x00000000d5900000)
  to   space 512K, 0% used [0x00000000d5800000,0x00000000d5800000,0x00000000d5880000)
 ParOldGen       total 409088K, used 365436K [0x0000000080000000, 0x0000000098f80000, 0x00000000d5580000)
  object space 409088K, 89% used [0x0000000080000000,0x00000000964df2b8,0x0000000098f80000)
 Metaspace       used 71498K, committed 72960K, reserved 1114112K
  class space    used 7558K, committed 8192K, reserved 1048576K
}
Event: 95.174 GC heap before
{Heap before GC invocations=680 (full 3):
 PSYoungGen      total 2560K, used 2239K [0x00000000d5580000, 0x00000000d5900000, 0x0000000100000000)
  eden space 2048K, 99% used [0x00000000d5580000,0x00000000d577fff0,0x00000000d5780000)
  from space 512K, 37% used [0x00000000d5880000,0x00000000d58b0000,0x00000000d5900000)
  to   space 512K, 0% used [0x00000000d5800000,0x00000000d5800000,0x00000000d5880000)
 ParOldGen       total 409088K, used 365436K [0x0000000080000000, 0x0000000098f80000, 0x00000000d5580000)
  object space 409088K, 89% used [0x0000000080000000,0x00000000964df2b8,0x0000000098f80000)
 Metaspace       used 71502K, committed 72960K, reserved 1114112K
  class space    used 7558K, committed 8192K, reserved 1048576K
}
Event: 95.176 GC heap after
{Heap after GC invocations=680 (full 3):
 PSYoungGen      total 3072K, used 160K [0x00000000d5580000, 0x00000000d5900000, 0x0000000100000000)
  eden space 2560K, 0% used [0x00000000d5580000,0x00000000d5580000,0x00000000d5800000)
  from space 512K, 31% used [0x00000000d5800000,0x00000000d5828000,0x00000000d5880000)
  to   space 512K, 0% used [0x00000000d5880000,0x00000000d5880000,0x00000000d5900000)
 ParOldGen       total 409088K, used 365460K [0x0000000080000000, 0x0000000098f80000, 0x00000000d5580000)
  object space 409088K, 89% used [0x0000000080000000,0x00000000964e52b8,0x0000000098f80000)
 Metaspace       used 71502K, committed 72960K, reserved 1114112K
  class space    used 7558K, committed 8192K, reserved 1048576K
}

Dll operation events (10 events):
Event: 0.021 Loaded shared library c:\Users\asaph\.vscode\extensions\redhat.java-1.44.0-win32-x64\jre\21.0.8-win32-x86_64\bin\java.dll
Event: 0.081 Loaded shared library c:\Users\asaph\.vscode\extensions\redhat.java-1.44.0-win32-x64\jre\21.0.8-win32-x86_64\bin\zip.dll
Event: 0.096 Loaded shared library C:\Users\asaph\.vscode\extensions\redhat.java-1.44.0-win32-x64\jre\21.0.8-win32-x86_64\bin\instrument.dll
Event: 0.100 Loaded shared library C:\Users\asaph\.vscode\extensions\redhat.java-1.44.0-win32-x64\jre\21.0.8-win32-x86_64\bin\net.dll
Event: 0.102 Loaded shared library C:\Users\asaph\.vscode\extensions\redhat.java-1.44.0-win32-x64\jre\21.0.8-win32-x86_64\bin\nio.dll
Event: 0.105 Loaded shared library C:\Users\asaph\.vscode\extensions\redhat.java-1.44.0-win32-x64\jre\21.0.8-win32-x86_64\bin\zip.dll
Event: 0.118 Loaded shared library C:\Users\asaph\.vscode\extensions\redhat.java-1.44.0-win32-x64\jre\21.0.8-win32-x86_64\bin\jimage.dll
Event: 0.184 Loaded shared library c:\Users\asaph\.vscode\extensions\redhat.java-1.44.0-win32-x64\jre\21.0.8-win32-x86_64\bin\verify.dll
Event: 1.802 Loaded shared library C:\Users\asaph\AppData\Roaming\Code\User\globalStorage\redhat.java\1.44.0\config_win\org.eclipse.equinox.launcher\org.eclipse.equinox.launcher.win32.win32.x86_64_1.2.1400.v20250730-1736\eclipse_11913.dll
Event: 4.342 Loaded shared library C:\Users\asaph\AppData\Local\Temp\jna-93104295\jna17292197711867685781.dll

Deoptimization events (20 events):
Event: 91.958 Thread 0x000002539ca5cec0 Uncommon trap: trap_request=0xffffffbe fr.pc=0x000002534633485c relative=0x00000000000066bc
Event: 91.958 Thread 0x000002539ca5cec0 Uncommon trap: reason=profile_predicate action=maybe_recompile pc=0x000002534633485c method=org.eclipse.jdt.internal.compiler.lookup.SplitPackageBinding.combineWithSiblings(Lorg/eclipse/jdt/internal/compiler/lookup/PackageBinding;[CLorg/eclipse/jdt/intern
Event: 91.958 Thread 0x000002539ca5cec0 DEOPT PACKING pc=0x000002534633485c sp=0x000000c4b79fdb10
Event: 91.958 Thread 0x000002539ca5cec0 DEOPT UNPACKING pc=0x00000253454e3aa2 sp=0x000000c4b79fd9b8 mode 2
Event: 91.958 Thread 0x000002539ca5cec0 Uncommon trap: trap_request=0xffffffbe fr.pc=0x000002534633485c relative=0x00000000000066bc
Event: 91.958 Thread 0x000002539ca5cec0 Uncommon trap: reason=profile_predicate action=maybe_recompile pc=0x000002534633485c method=org.eclipse.jdt.internal.compiler.lookup.SplitPackageBinding.combineWithSiblings(Lorg/eclipse/jdt/internal/compiler/lookup/PackageBinding;[CLorg/eclipse/jdt/intern
Event: 91.958 Thread 0x000002539ca5cec0 DEOPT PACKING pc=0x000002534633485c sp=0x000000c4b79fdb10
Event: 91.958 Thread 0x000002539ca5cec0 DEOPT UNPACKING pc=0x00000253454e3aa2 sp=0x000000c4b79fd9b8 mode 2
Event: 91.958 Thread 0x000002539ca5cec0 Uncommon trap: trap_request=0xffffffbe fr.pc=0x000002534633485c relative=0x00000000000066bc
Event: 91.958 Thread 0x000002539ca5cec0 Uncommon trap: reason=profile_predicate action=maybe_recompile pc=0x000002534633485c method=org.eclipse.jdt.internal.compiler.lookup.SplitPackageBinding.combineWithSiblings(Lorg/eclipse/jdt/internal/compiler/lookup/PackageBinding;[CLorg/eclipse/jdt/intern
Event: 91.958 Thread 0x000002539ca5cec0 DEOPT PACKING pc=0x000002534633485c sp=0x000000c4b79fdb10
Event: 91.958 Thread 0x000002539ca5cec0 DEOPT UNPACKING pc=0x00000253454e3aa2 sp=0x000000c4b79fd9b8 mode 2
Event: 91.958 Thread 0x000002539ca5cec0 Uncommon trap: trap_request=0xffffffbe fr.pc=0x000002534633485c relative=0x00000000000066bc
Event: 91.958 Thread 0x000002539ca5cec0 Uncommon trap: reason=profile_predicate action=maybe_recompile pc=0x000002534633485c method=org.eclipse.jdt.internal.compiler.lookup.SplitPackageBinding.combineWithSiblings(Lorg/eclipse/jdt/internal/compiler/lookup/PackageBinding;[CLorg/eclipse/jdt/intern
Event: 91.958 Thread 0x000002539ca5cec0 DEOPT PACKING pc=0x000002534633485c sp=0x000000c4b79fdb10
Event: 91.958 Thread 0x000002539ca5cec0 DEOPT UNPACKING pc=0x00000253454e3aa2 sp=0x000000c4b79fd9b8 mode 2
Event: 92.139 Thread 0x000002539ca5cec0 DEOPT PACKING pc=0x000002533fba4119 sp=0x000000c4b79fd450
Event: 92.139 Thread 0x000002539ca5cec0 DEOPT UNPACKING pc=0x00000253454e4242 sp=0x000000c4b79fc988 mode 0
Event: 92.146 Thread 0x000002539ca5cec0 DEOPT PACKING pc=0x000002533fbaed01 sp=0x000000c4b79fdfe0
Event: 92.146 Thread 0x000002539ca5cec0 DEOPT UNPACKING pc=0x00000253454e4242 sp=0x000000c4b79fd500 mode 0

Classes loaded (20 events):
Event: 31.734 Loading class sun/util/locale/provider/BaseLocaleDataMetaInfo
Event: 31.734 Loading class sun/util/locale/provider/BaseLocaleDataMetaInfo done
Event: 31.738 Loading class sun/util/resources/cldr/TimeZoneNames
Event: 31.739 Loading class sun/util/resources/TimeZoneNamesBundle
Event: 31.739 Loading class sun/util/resources/OpenListResourceBundle
Event: 31.739 Loading class sun/util/resources/OpenListResourceBundle done
Event: 31.739 Loading class sun/util/resources/TimeZoneNamesBundle done
Event: 31.739 Loading class sun/util/resources/cldr/TimeZoneNames done
Event: 31.740 Loading class sun/util/resources/cldr/TimeZoneNames_en
Event: 31.742 Loading class sun/util/resources/cldr/TimeZoneNames_en done
Event: 31.743 Loading class sun/util/resources/cldr/TimeZoneNames_en_US
Event: 31.743 Loading class sun/util/resources/cldr/TimeZoneNames_en_US done
Event: 31.747 Loading class sun/util/cldr/CLDRBaseLocaleDataMetaInfo$TZCanonicalIDMapHolder
Event: 31.749 Loading class sun/util/cldr/CLDRBaseLocaleDataMetaInfo$TZCanonicalIDMapHolder done
Event: 31.751 Loading class sun/util/resources/TimeZoneNames
Event: 31.753 Loading class sun/util/resources/TimeZoneNames done
Event: 31.753 Loading class sun/util/resources/TimeZoneNames_en
Event: 31.753 Loading class sun/util/resources/TimeZoneNames_en done
Event: 34.773 Loading class java/lang/StringLatin1$CharsSpliterator
Event: 34.774 Loading class java/lang/StringLatin1$CharsSpliterator done

Classes unloaded (16 events):
Event: 4.922 Thread 0x000002533ad049f0 Unloading class 0x00000253531a6800 'java/lang/invoke/LambdaForm$MH+0x00000253531a6800'
Event: 4.922 Thread 0x000002533ad049f0 Unloading class 0x00000253531a6400 'java/lang/invoke/LambdaForm$MH+0x00000253531a6400'
Event: 4.922 Thread 0x000002533ad049f0 Unloading class 0x00000253531a6000 'java/lang/invoke/LambdaForm$MH+0x00000253531a6000'
Event: 4.922 Thread 0x000002533ad049f0 Unloading class 0x00000253531a5c00 'java/lang/invoke/LambdaForm$MH+0x00000253531a5c00'
Event: 4.922 Thread 0x000002533ad049f0 Unloading class 0x00000253531a5800 'java/lang/invoke/LambdaForm$BMH+0x00000253531a5800'
Event: 4.922 Thread 0x000002533ad049f0 Unloading class 0x00000253531a5400 'java/lang/invoke/LambdaForm$DMH+0x00000253531a5400'
Event: 4.922 Thread 0x000002533ad049f0 Unloading class 0x00000253531a4000 'java/lang/invoke/LambdaForm$DMH+0x00000253531a4000'
Event: 6.108 Thread 0x000002533ad049f0 Unloading class 0x000002535336c800 'java/lang/invoke/LambdaForm$MH+0x000002535336c800'
Event: 6.108 Thread 0x000002533ad049f0 Unloading class 0x000002535336bc00 'java/lang/invoke/LambdaForm$MH+0x000002535336bc00'
Event: 6.108 Thread 0x000002533ad049f0 Unloading class 0x000002535336b400 'java/lang/invoke/LambdaForm$MH+0x000002535336b400'
Event: 6.108 Thread 0x000002533ad049f0 Unloading class 0x000002535336ac00 'java/lang/invoke/LambdaForm$MH+0x000002535336ac00'
Event: 6.108 Thread 0x000002533ad049f0 Unloading class 0x000002535336a800 'java/lang/invoke/LambdaForm$DMH+0x000002535336a800'
Event: 6.108 Thread 0x000002533ad049f0 Unloading class 0x0000025353369c00 'java/lang/invoke/LambdaForm$MH+0x0000025353369c00'
Event: 6.108 Thread 0x000002533ad049f0 Unloading class 0x0000025353362400 'java/lang/invoke/LambdaForm$MH+0x0000025353362400'
Event: 6.108 Thread 0x000002533ad049f0 Unloading class 0x0000025353361c00 'java/lang/invoke/LambdaForm$MH+0x0000025353361c00'
Event: 6.108 Thread 0x000002533ad049f0 Unloading class 0x0000025353361400 'java/lang/invoke/LambdaForm$MH+0x0000025353361400'

Classes redefined (0 events):
No events

Internal exceptions (20 events):
Event: 56.224 Thread 0x0000025399c1fac0 Exception <a 'sun/nio/fs/WindowsException'{0x00000000d55807d8}> (0x00000000d55807d8) 
thrown [s\src\hotspot\share\prims\jni.cpp, line 520]
Event: 56.344 Thread 0x0000025399c1fac0 Exception <a 'sun/nio/fs/WindowsException'{0x00000000d5660318}> (0x00000000d5660318) 
thrown [s\src\hotspot\share\prims\jni.cpp, line 520]
Event: 58.515 Thread 0x000002539ca5cec0 Exception <a 'java/lang/ArrayIndexOutOfBoundsException'{0x00000000d57ab6b0}> (0x00000000d57ab6b0) 
thrown [s\src\hotspot\share\runtime\sharedRuntime.cpp, line 625]
Event: 59.449 Thread 0x000002539a32d3d0 Exception <a 'java/lang/ArrayIndexOutOfBoundsException'{0x00000000d56131d0}> (0x00000000d56131d0) 
thrown [s\src\hotspot\share\runtime\sharedRuntime.cpp, line 625]
Event: 59.656 Thread 0x000002539a32d3d0 Exception <a 'java/lang/ArrayIndexOutOfBoundsException'{0x00000000d57e9158}> (0x00000000d57e9158) 
thrown [s\src\hotspot\share\runtime\sharedRuntime.cpp, line 625]
Event: 59.887 Thread 0x000002539a32d3d0 Exception <a 'java/lang/ArrayIndexOutOfBoundsException'{0x00000000d574b1c0}> (0x00000000d574b1c0) 
thrown [s\src\hotspot\share\runtime\sharedRuntime.cpp, line 625]
Event: 60.743 Thread 0x0000025399c1fac0 Exception <a 'sun/nio/fs/WindowsException'{0x00000000d5699988}> (0x00000000d5699988) 
thrown [s\src\hotspot\share\prims\jni.cpp, line 520]
Event: 60.858 Thread 0x0000025399c1fac0 Exception <a 'sun/nio/fs/WindowsException'{0x00000000d5664260}> (0x00000000d5664260) 
thrown [s\src\hotspot\share\prims\jni.cpp, line 520]
Event: 81.130 Thread 0x000002539ca5c830 Exception <a 'java/lang/ArrayIndexOutOfBoundsException'{0x00000000d573c1e8}> (0x00000000d573c1e8) 
thrown [s\src\hotspot\share\runtime\sharedRuntime.cpp, line 625]
Event: 85.506 Thread 0x000002539ca5cec0 Exception <a 'java/lang/ArrayIndexOutOfBoundsException'{0x00000000d55aced8}> (0x00000000d55aced8) 
thrown [s\src\hotspot\share\runtime\sharedRuntime.cpp, line 625]
Event: 85.916 Thread 0x000002539ca5cec0 Exception <a 'java/lang/ArrayIndexOutOfBoundsException'{0x00000000d58031c8}> (0x00000000d58031c8) 
thrown [s\src\hotspot\share\runtime\sharedRuntime.cpp, line 625]
Event: 86.590 Thread 0x000002539ca5cec0 Exception <a 'java/lang/ArrayIndexOutOfBoundsException'{0x00000000d5708b20}> (0x00000000d5708b20) 
thrown [s\src\hotspot\share\runtime\sharedRuntime.cpp, line 625]
Event: 86.963 Thread 0x000002539ca5cec0 Exception <a 'java/lang/ArrayIndexOutOfBoundsException'{0x00000000d571ebc0}> (0x00000000d571ebc0) 
thrown [s\src\hotspot\share\runtime\sharedRuntime.cpp, line 625]
Event: 89.229 Thread 0x0000025399c1fac0 Exception <a 'sun/nio/fs/WindowsException'{0x00000000d570a220}> (0x00000000d570a220) 
thrown [s\src\hotspot\share\prims\jni.cpp, line 520]
Event: 89.592 Thread 0x0000025399c1fac0 Exception <a 'sun/nio/fs/WindowsException'{0x00000000d565e6b0}> (0x00000000d565e6b0) 
thrown [s\src\hotspot\share\prims\jni.cpp, line 520]
Event: 91.381 Thread 0x000002539ca5c830 Exception <a 'java/lang/ArrayIndexOutOfBoundsException'{0x00000000d570d868}> (0x00000000d570d868) 
thrown [s\src\hotspot\share\runtime\sharedRuntime.cpp, line 625]
Event: 91.885 Thread 0x000002539ca5c830 Exception <a 'java/lang/ArrayIndexOutOfBoundsException'{0x00000000d5766bc8}> (0x00000000d5766bc8) 
thrown [s\src\hotspot\share\runtime\sharedRuntime.cpp, line 625]
Event: 92.851 Thread 0x000002539ca5cec0 Exception <a 'java/lang/ArrayIndexOutOfBoundsException'{0x00000000d5595368}> (0x00000000d5595368) 
thrown [s\src\hotspot\share\runtime\sharedRuntime.cpp, line 625]
Event: 94.722 Thread 0x0000025399c1fac0 Exception <a 'sun/nio/fs/WindowsException'{0x00000000d55d43a8}> (0x00000000d55d43a8) 
thrown [s\src\hotspot\share\prims\jni.cpp, line 520]
Event: 94.973 Thread 0x0000025399c1fac0 Exception <a 'sun/nio/fs/WindowsException'{0x00000000d5606610}> (0x00000000d5606610) 
thrown [s\src\hotspot\share\prims\jni.cpp, line 520]

ZGC Phase Switch (0 events):
No events

VM Operations (20 events):
Event: 94.814 Executing VM operation: ParallelGCFailedAllocation (Allocation Failure)
Event: 94.819 Executing VM operation: ParallelGCFailedAllocation (Allocation Failure) done
Event: 94.850 Executing VM operation: ParallelGCFailedAllocation (Allocation Failure)
Event: 94.865 Executing VM operation: ParallelGCFailedAllocation (Allocation Failure) done
Event: 94.891 Executing VM operation: ParallelGCFailedAllocation (Allocation Failure)
Event: 94.903 Executing VM operation: ParallelGCFailedAllocation (Allocation Failure) done
Event: 94.923 Executing VM operation: ParallelGCFailedAllocation (Allocation Failure)
Event: 94.933 Executing VM operation: ParallelGCFailedAllocation (Allocation Failure) done
Event: 94.940 Executing VM operation: ParallelGCFailedAllocation (Allocation Failure)
Event: 94.950 Executing VM operation: ParallelGCFailedAllocation (Allocation Failure) done
Event: 94.951 Executing VM operation: ParallelGCFailedAllocation (Allocation Failure)
Event: 94.954 Executing VM operation: ParallelGCFailedAllocation (Allocation Failure) done
Event: 94.984 Executing VM operation: ParallelGCFailedAllocation (Allocation Failure)
Event: 94.987 Executing VM operation: ParallelGCFailedAllocation (Allocation Failure) done
Event: 94.994 Executing VM operation: ParallelGCFailedAllocation (Allocation Failure)
Event: 95.000 Executing VM operation: ParallelGCFailedAllocation (Allocation Failure) done
Event: 95.173 Executing VM operation: ParallelGCFailedAllocation (Allocation Failure)
Event: 95.176 Executing VM operation: ParallelGCFailedAllocation (Allocation Failure) done
Event: 96.190 Executing VM operation: Cleanup
Event: 96.190 Executing VM operation: Cleanup done

Memory protections (0 events):
No events

Nmethod flushes (20 events):
Event: 15.533 Thread 0x000002533ad049f0 flushing  nmethod 0x000002533e78d890
Event: 15.533 Thread 0x000002533ad049f0 flushing  nmethod 0x000002533e795790
Event: 15.533 Thread 0x000002533ad049f0 flushing  nmethod 0x000002533e7a3110
Event: 15.533 Thread 0x000002533ad049f0 flushing  nmethod 0x000002533e7a8410
Event: 15.533 Thread 0x000002533ad049f0 flushing  nmethod 0x000002533e7b8d90
Event: 15.533 Thread 0x000002533ad049f0 flushing  nmethod 0x000002533e7b9e10
Event: 15.533 Thread 0x000002533ad049f0 flushing  nmethod 0x000002533e7cc210
Event: 15.533 Thread 0x000002533ad049f0 flushing  nmethod 0x000002533e7cde90
Event: 15.533 Thread 0x000002533ad049f0 flushing  nmethod 0x000002533e7ced90
Event: 15.533 Thread 0x000002533ad049f0 flushing  nmethod 0x000002533e7d2290
Event: 15.533 Thread 0x000002533ad049f0 flushing  nmethod 0x000002533e7d3e90
Event: 15.533 Thread 0x000002533ad049f0 flushing  nmethod 0x000002533e7d4310
Event: 15.533 Thread 0x000002533ad049f0 flushing  nmethod 0x000002533e7d5290
Event: 15.533 Thread 0x000002533ad049f0 flushing  nmethod 0x000002533e7d8690
Event: 15.533 Thread 0x000002533ad049f0 flushing  nmethod 0x000002533e7eb190
Event: 15.533 Thread 0x000002533ad049f0 flushing  nmethod 0x000002533e827d90
Event: 15.533 Thread 0x000002533ad049f0 flushing  nmethod 0x000002533e844410
Event: 15.533 Thread 0x000002533ad049f0 flushing  nmethod 0x000002533e845f10
Event: 15.533 Thread 0x000002533ad049f0 flushing  nmethod 0x000002533e851110
Event: 15.533 Thread 0x000002533ad049f0 flushing  nmethod 0x000002533e85ad10

Events (20 events):
Event: 14.654 Thread 0x000002539ca5a0d0 Thread added: 0x000002539ca5cec0
Event: 14.657 Thread 0x000002539ca5cec0 Thread added: 0x000002539ca59a40
Event: 14.657 Thread 0x000002539ca59a40 Thread added: 0x000002539ca5c830
Event: 14.658 Thread 0x000002539ca5c830 Thread added: 0x000002539ca5adf0
Event: 14.660 Thread 0x000002539ca5adf0 Thread added: 0x000002539ca5b480
Event: 14.661 Thread 0x000002539ca5b480 Thread added: 0x000002539ca5bb10
Event: 14.966 Thread 0x000002539a32a5e0 Thread added: 0x000002539c969d70
Event: 15.063 Thread 0x000002539a32a5e0 Thread added: 0x000002539c96c4d0
Event: 15.113 Thread 0x000002539a32a5e0 Thread added: 0x000002539c96be40
Event: 15.290 Thread 0x0000025399c1d9f0 Thread added: 0x000002539c96cb60
Event: 18.720 Thread 0x0000025399c20150 Thread added: 0x000002539c96b120
Event: 22.707 Thread 0x000002539a32e780 Thread added: 0x000002539c96aa90
Event: 23.803 Thread 0x0000025399c20150 Thread added: 0x000002539c96d1f0
Event: 25.601 Thread 0x000002539ca59a40 Thread added: 0x000002539c96df10
Event: 26.461 Thread 0x0000025399c1d9f0 Thread added: 0x000002539c96e5a0
Event: 28.827 Thread 0x000002539a328ba0 Thread added: 0x000002539c96b7b0
Event: 36.015 Thread 0x0000025399c1e710 Thread added: 0x000002539c96f2c0
Event: 39.263 Thread 0x0000025399c20150 Thread added: 0x000002539c971390
Event: 40.513 Thread 0x000002539a32a5e0 Thread added: 0x000002539c96ffe0
Event: 45.874 Thread 0x000002539a328ba0 Thread added: 0x000002539c970670


Dynamic libraries:
0x00007ff758390000 - 0x00007ff75839e000 	c:\Users\asaph\.vscode\extensions\redhat.java-1.44.0-win32-x64\jre\21.0.8-win32-x86_64\bin\java.exe
0x00007ff82a740000 - 0x00007ff82a9a8000 	C:\WINDOWS\SYSTEM32\ntdll.dll
0x00007ff829420000 - 0x00007ff8294e9000 	C:\WINDOWS\System32\KERNEL32.DLL
0x00007ff828030000 - 0x00007ff82841d000 	C:\WINDOWS\System32\KERNELBASE.dll
0x00007ff827ee0000 - 0x00007ff82802b000 	C:\WINDOWS\System32\ucrtbase.dll
0x00007ff80aa00000 - 0x00007ff80aa1e000 	c:\Users\asaph\.vscode\extensions\redhat.java-1.44.0-win32-x64\jre\21.0.8-win32-x86_64\bin\VCRUNTIME140.dll
0x00007ff8132e0000 - 0x00007ff8132f8000 	c:\Users\asaph\.vscode\extensions\redhat.java-1.44.0-win32-x64\jre\21.0.8-win32-x86_64\bin\jli.dll
0x00007ff82a530000 - 0x00007ff82a6fc000 	C:\WINDOWS\System32\USER32.dll
0x00007ff827cd0000 - 0x00007ff827cf7000 	C:\WINDOWS\System32\win32u.dll
0x00007ff811850000 - 0x00007ff811aea000 	C:\WINDOWS\WinSxS\amd64_microsoft.windows.common-controls_6595b64144ccf1df_6.0.26100.4484_none_3e0e6d4ce32ef3b3\COMCTL32.dll
0x00007ff8294f0000 - 0x00007ff82951b000 	C:\WINDOWS\System32\GDI32.dll
0x00007ff82a040000 - 0x00007ff82a0e9000 	C:\WINDOWS\System32\msvcrt.dll
0x00007ff827d00000 - 0x00007ff827e37000 	C:\WINDOWS\System32\gdi32full.dll
0x00007ff827c20000 - 0x00007ff827cc3000 	C:\WINDOWS\System32\msvcp_win.dll
0x00007ff8286a0000 - 0x00007ff8286cf000 	C:\WINDOWS\System32\IMM32.DLL
0x00007ff8149e0000 - 0x00007ff8149ec000 	c:\Users\asaph\.vscode\extensions\redhat.java-1.44.0-win32-x64\jre\21.0.8-win32-x86_64\bin\vcruntime140_1.dll
0x00007ffff4280000 - 0x00007ffff430d000 	c:\Users\asaph\.vscode\extensions\redhat.java-1.44.0-win32-x64\jre\21.0.8-win32-x86_64\bin\msvcp140.dll
0x00007fff79820000 - 0x00007fff7a5b7000 	c:\Users\asaph\.vscode\extensions\redhat.java-1.44.0-win32-x64\jre\21.0.8-win32-x86_64\bin\server\jvm.dll
0x00007ff8285e0000 - 0x00007ff828694000 	C:\WINDOWS\System32\ADVAPI32.dll
0x00007ff8291c0000 - 0x00007ff829266000 	C:\WINDOWS\System32\sechost.dll
0x00007ff828850000 - 0x00007ff828968000 	C:\WINDOWS\System32\RPCRT4.dll
0x00007ff829c30000 - 0x00007ff829ca4000 	C:\WINDOWS\System32\WS2_32.dll
0x00007ff81bd80000 - 0x00007ff81bdb5000 	C:\WINDOWS\SYSTEM32\WINMM.dll
0x00007ff8123d0000 - 0x00007ff8123db000 	C:\WINDOWS\SYSTEM32\VERSION.dll
0x00007ff8276e0000 - 0x00007ff82773e000 	C:\WINDOWS\SYSTEM32\POWRPROF.dll
0x00007ff8276c0000 - 0x00007ff8276d4000 	C:\WINDOWS\SYSTEM32\UMPDC.dll
0x00007ff826600000 - 0x00007ff82661b000 	C:\WINDOWS\SYSTEM32\kernel.appcore.dll
0x00007ff812260000 - 0x00007ff81226a000 	c:\Users\asaph\.vscode\extensions\redhat.java-1.44.0-win32-x64\jre\21.0.8-win32-x86_64\bin\jimage.dll
0x00007ff825170000 - 0x00007ff8253b1000 	C:\WINDOWS\SYSTEM32\DBGHELP.DLL
0x00007ff829cb0000 - 0x00007ff82a036000 	C:\WINDOWS\System32\combase.dll
0x00007ff8284f0000 - 0x00007ff8285d0000 	C:\WINDOWS\System32\OLEAUT32.dll
0x00007ff80a940000 - 0x00007ff80a983000 	C:\WINDOWS\SYSTEM32\dbgcore.DLL
0x00007ff827e40000 - 0x00007ff827ed9000 	C:\WINDOWS\System32\bcryptPrimitives.dll
0x00007ff810590000 - 0x00007ff81059f000 	c:\Users\asaph\.vscode\extensions\redhat.java-1.44.0-win32-x64\jre\21.0.8-win32-x86_64\bin\instrument.dll
0x00007ff8084c0000 - 0x00007ff8084df000 	c:\Users\asaph\.vscode\extensions\redhat.java-1.44.0-win32-x64\jre\21.0.8-win32-x86_64\bin\java.dll
0x00007ff828a70000 - 0x00007ff8291ba000 	C:\WINDOWS\System32\SHELL32.dll
0x00007ff827890000 - 0x00007ff827a04000 	C:\WINDOWS\System32\wintypes.dll
0x00007ff825490000 - 0x00007ff825ceb000 	C:\WINDOWS\SYSTEM32\windows.storage.dll
0x00007ff82a210000 - 0x00007ff82a305000 	C:\WINDOWS\System32\SHCORE.dll
0x00007ff82a0f0000 - 0x00007ff82a15a000 	C:\WINDOWS\System32\shlwapi.dll
0x00007ff8277a0000 - 0x00007ff8277cf000 	C:\WINDOWS\SYSTEM32\profapi.dll
0x00007ff80a240000 - 0x00007ff80a258000 	c:\Users\asaph\.vscode\extensions\redhat.java-1.44.0-win32-x64\jre\21.0.8-win32-x86_64\bin\zip.dll
0x00007ff810080000 - 0x00007ff810090000 	C:\Users\asaph\.vscode\extensions\redhat.java-1.44.0-win32-x64\jre\21.0.8-win32-x86_64\bin\net.dll
0x00007ff817050000 - 0x00007ff81716e000 	C:\WINDOWS\SYSTEM32\WINHTTP.dll
0x00007ff826bc0000 - 0x00007ff826c2a000 	C:\WINDOWS\system32\mswsock.dll
0x00007ff800e80000 - 0x00007ff800e96000 	C:\Users\asaph\.vscode\extensions\redhat.java-1.44.0-win32-x64\jre\21.0.8-win32-x86_64\bin\nio.dll
0x00007ff80a230000 - 0x00007ff80a240000 	c:\Users\asaph\.vscode\extensions\redhat.java-1.44.0-win32-x64\jre\21.0.8-win32-x86_64\bin\verify.dll
0x00007fffff470000 - 0x00007fffff4b5000 	C:\Users\asaph\AppData\Roaming\Code\User\globalStorage\redhat.java\1.44.0\config_win\org.eclipse.equinox.launcher\org.eclipse.equinox.launcher.win32.win32.x86_64_1.2.1400.v20250730-1736\eclipse_11913.dll
0x00007ff829270000 - 0x00007ff82940e000 	C:\WINDOWS\System32\ole32.dll
0x00007ff826e70000 - 0x00007ff826e8b000 	C:\WINDOWS\SYSTEM32\CRYPTSP.dll
0x00007ff826560000 - 0x00007ff82659b000 	C:\WINDOWS\system32\rsaenh.dll
0x00007ff826c60000 - 0x00007ff826c8b000 	C:\WINDOWS\SYSTEM32\USERENV.dll
0x00007ff827770000 - 0x00007ff827796000 	C:\WINDOWS\SYSTEM32\bcrypt.dll
0x00007ff826e90000 - 0x00007ff826e9c000 	C:\WINDOWS\SYSTEM32\CRYPTBASE.dll
0x00007ff826000000 - 0x00007ff826033000 	C:\WINDOWS\SYSTEM32\IPHLPAPI.DLL
0x00007ff828970000 - 0x00007ff82897a000 	C:\WINDOWS\System32\NSI.dll
0x00007ffff6260000 - 0x00007ffff62a9000 	C:\Users\asaph\AppData\Local\Temp\jna-93104295\jna17292197711867685781.dll
0x00007ff8284e0000 - 0x00007ff8284e8000 	C:\WINDOWS\System32\PSAPI.DLL
0x00007ff81da80000 - 0x00007ff81da9f000 	C:\WINDOWS\SYSTEM32\dhcpcsvc6.DLL
0x00007ff81da50000 - 0x00007ff81da75000 	C:\WINDOWS\SYSTEM32\dhcpcsvc.DLL

JVMTI agents:
c:\Users\asaph\.vscode\extensions\redhat.java-1.44.0-win32-x64\lombok\lombok-1.18.39-4050.jar path:c:\Users\asaph\.vscode\extensions\redhat.java-1.44.0-win32-x64\jre\21.0.8-win32-x86_64\bin\instrument.dll, loaded, initialized, instrumentlib options:none

dbghelp: loaded successfully - version: 4.0.5 - missing functions: none
symbol engine: initialized successfully - sym options: 0x614 - pdb path: .;c:\Users\asaph\.vscode\extensions\redhat.java-1.44.0-win32-x64\jre\21.0.8-win32-x86_64\bin;C:\WINDOWS\SYSTEM32;C:\WINDOWS\WinSxS\amd64_microsoft.windows.common-controls_6595b64144ccf1df_6.0.26100.4484_none_3e0e6d4ce32ef3b3;c:\Users\asaph\.vscode\extensions\redhat.java-1.44.0-win32-x64\jre\21.0.8-win32-x86_64\bin\server;C:\Users\asaph\AppData\Roaming\Code\User\globalStorage\redhat.java\1.44.0\config_win\org.eclipse.equinox.launcher\org.eclipse.equinox.launcher.win32.win32.x86_64_1.2.1400.v20250730-1736;C:\Users\asaph\AppData\Local\Temp\jna-93104295

VM Arguments:
jvm_args: --add-modules=ALL-SYSTEM --add-opens=java.base/java.util=ALL-UNNAMED --add-opens=java.base/java.lang=ALL-UNNAMED --add-opens=java.base/sun.nio.fs=ALL-UNNAMED -Declipse.application=org.eclipse.jdt.ls.core.id1 -Dosgi.bundles.defaultStartLevel=4 -Declipse.product=org.eclipse.jdt.ls.core.product -Djava.import.generatesMetadataFilesAtProjectRoot=false -DDetectVMInstallationsJob.disabled=true -Dfile.encoding=utf8 -XX:+UseParallelGC -XX:GCTimeRatio=4 -XX:AdaptiveSizePolicyWeight=90 -Dsun.zip.disableMemoryMapping=true -Xmx2G -Xms100m -Xlog:disable -javaagent:c:\Users\asaph\.vscode\extensions\redhat.java-1.44.0-win32-x64\lombok\lombok-1.18.39-4050.jar -XX:+HeapDumpOnOutOfMemoryError -XX:HeapDumpPath=c:\Users\asaph\AppData\Roaming\Code\User\workspaceStorage\03f0354e34c13a055f96d69912527721\redhat.java -Daether.dependencyCollector.impl=bf 
java_command: c:\Users\asaph\.vscode\extensions\redhat.java-1.44.0-win32-x64\server\plugins\org.eclipse.equinox.launcher_1.7.0.v20250519-0528.jar -configuration c:\Users\asaph\AppData\Roaming\Code\User\globalStorage\redhat.java\1.44.0\config_win -data c:\Users\asaph\AppData\Roaming\Code\User\workspaceStorage\03f0354e34c13a055f96d69912527721\redhat.java\jdt_ws --pipe=\\.\pipe\lsp-84330e16dd98c4c814808f3908ad5913-sock
java_class_path (initial): c:\Users\asaph\.vscode\extensions\redhat.java-1.44.0-win32-x64\server\plugins\org.eclipse.equinox.launcher_1.7.0.v20250519-0528.jar
Launcher Type: SUN_STANDARD

[Global flags]
    uintx AdaptiveSizePolicyWeight                 = 90                                        {product} {command line}
     intx CICompilerCount                          = 4                                         {product} {ergonomic}
    uintx GCTimeRatio                              = 4                                         {product} {command line}
     bool HeapDumpOnOutOfMemoryError               = true                                   {manageable} {command line}
    ccstr HeapDumpPath                             = c:\Users\asaph\AppData\Roaming\Code\User\workspaceStorage\03f0354e34c13a055f96d69912527721\redhat.java         {manageable} {command line}
   size_t InitialHeapSize                          = 104857600                                 {product} {command line}
   size_t MaxHeapSize                              = 2147483648                                {product} {command line}
   size_t MaxNewSize                               = 715653120                                 {product} {ergonomic}
   size_t MinHeapDeltaBytes                        = 524288                                    {product} {ergonomic}
   size_t MinHeapSize                              = 104857600                                 {product} {command line}
   size_t NewSize                                  = 34603008                                  {product} {ergonomic}
    uintx NonNMethodCodeHeapSize                   = 5839372                                {pd product} {ergonomic}
    uintx NonProfiledCodeHeapSize                  = 122909434                              {pd product} {ergonomic}
   size_t OldSize                                  = 70254592                                  {product} {ergonomic}
    uintx ProfiledCodeHeapSize                     = 122909434                              {pd product} {ergonomic}
    uintx ReservedCodeCacheSize                    = 251658240                              {pd product} {ergonomic}
     bool SegmentedCodeCache                       = true                                      {product} {ergonomic}
   size_t SoftMaxHeapSize                          = 2147483648                             {manageable} {ergonomic}
     bool UseCompressedOops                        = true                           {product lp64_product} {ergonomic}
     bool UseLargePagesIndividualAllocation        = false                                  {pd product} {ergonomic}
     bool UseParallelGC                            = true                                      {product} {command line}

Logging:
Log output configuration:
 #0: stdout all=off uptime,level,tags foldmultilines=false
 #1: stderr all=off uptime,level,tags foldmultilines=false

Environment Variables:
JAVA_HOME=C:\Program Files\Eclipse Adoptium\jdk-17
PATH=C:\Program Files\Eclipse Adoptium\jdk-17.0.14.7-hotspot\bin;C:\Program Files\Eclipse Adoptium\jdk-21.0.6.7-hotspot\bin;C:\WINDOWS\system32;C:\WINDOWS;C:\WINDOWS\System32\Wbem;C:\WINDOWS\System32\WindowsPowerShell\v1.0\;C:\WINDOWS\System32\OpenSSH\;C:\Program Files\PostgreSQL\17\bin;C:\ProgramData\chocolatey\bin;C:\ProgramData\chocolatey\lib\maven\apache-maven-3.9.9\bin;C:\Program Files\Eclipse Adoptium\jdk-17\bin;C:\Program Files\Git\cmd;";C:\Users\asaph\AppData\Local\Packages\PythonSoftwareFoundation.Python.3.13_qbz5n2kfra8p0\LocalCache\local-packages\Python313\Scripts";C:\Program Files\PostgreSQL\17\bin;;C:\Program Files\Docker\Docker\resources\bin;C:\Program Files\PVsyst8.0.14\;C:\Users\asaph\AppData\Local\Programs\Python\Python313\Scripts\;C:\Users\asaph\AppData\Local\Programs\Python\Python313\;C:\Program Files\Eclipse Adoptium\jdk-17.0.14.7-hotspot\bin;C:\Program Files\Eclipse Adoptium\jdk-21.0.6.7-hotspot\bin;C:\WINDOWS\system32;C:\WINDOWS;C:\WINDOWS\System32\Wbem;C:\WINDOWS\System32\WindowsPowerShell\v1.0\;C:\WINDOWS\System32\OpenSSH\;C:\Program Files\PostgreSQL\17\bin;C:\ProgramData\chocolatey\bin;C:\ProgramData\chocolatey\lib\maven\apache-maven-3.9.9\bin;C:\Program Files\Eclipse Adoptium\jdk-17\bin;C:\Program Files\Git\cmd;C:\Users\asaph\AppData\Local\Packages\PythonSoftwareFoundation.Python.3.13_qbz5n2kfra8p0\LocalCache\local-packages\Python313\Scripts;C:\Program Files\Eclipse Adoptium\jdk-17.0.14.7-hotspot\bin;C:\Program Files\Eclipse Adoptium\jdk-21.0.6.7-hotspot\bin;C:\WINDOWS\system32;C:\WINDOWS;C:\WINDOWS\System32\Wbem;C:\WINDOWS\System32\WindowsPowerShell\v1.0\;C:\WINDOWS\System32\OpenSSH\;C:\Program Files\PostgreSQL\17\bin;C:\ProgramData\chocolatey\bin;C:\ProgramData\chocolatey\lib\maven\apache-maven-3.9.9\bin;C:\Program Files\Eclipse Adoptium\jdk-17\bin;C:\Program Files\Git\cmd;C:\Program Files\PostgreSQL\17\bin;C:\Users\asaph\AppData\Local\Packages\PythonSoftwareFoundation.Python.3.13_qbz5n2kfra8p0\LocalCache\local-packages\Python313\Scripts;C:\Users\asaph\AppData\Roaming\Microsoft\Windows\Start Menu\Programs\Visual Studio Code;C:\ProgramData\Microsoft VS Code\bin
USERNAME=asaph
OS=Windows_NT
PROCESSOR_IDENTIFIER=Intel64 Family 6 Model 154 Stepping 4, GenuineIntel
TMP=C:\Users\asaph\AppData\Local\Temp
TEMP=C:\Users\asaph\AppData\Local\Temp




Periodic native trim disabled

---------------  S Y S T E M  ---------------

OS:
 Windows 11 , 64 bit Build 26100 (10.0.26100.4484)
OS uptime: 14 days 10:07 hours
Hyper-V role detected

CPU: total 12 (initial active 12) (6 cores per cpu, 2 threads per core) family 6 model 154 stepping 4 microcode 0x437, cx8, cmov, fxsr, ht, mmx, 3dnowpref, sse, sse2, sse3, ssse3, sse4.1, sse4.2, popcnt, lzcnt, tsc, tscinvbit, avx, avx2, aes, erms, clmul, bmi1, bmi2, adx, sha, fma, vzeroupper, clflush, clflushopt, clwb, hv, serialize, rdtscp, rdpid, fsrm, f16c, cet_ibt, cet_ss
Processor Information for the first 12 processors :
  Max Mhz: 1700, Current Mhz: 1700, Mhz Limit: 1700

Memory: 4k page, system-wide physical 5702M (170M free)
TotalPageFile size 23110M (AvailPageFile size 3M)
current process WorkingSet (physical memory assigned to process): 120M, peak: 504M
current process commit charge ("private bytes"): 685M, peak: 720M

vm_info: OpenJDK 64-Bit Server VM (21.0.8+9-LTS) for windows-amd64 JRE (21.0.8+9-LTS), built on 2025-07-15T00:00:00Z by "admin" with MS VC++ 17.7 (VS2022)

END.
